$ D:\luna16-work\.venv\Scripts\python.exe -u D:\luna16-work\src\pbip_train.py --epochs 20 --batch_size 64 --augment strong --alpha 0.3 --beta 0.0 --seed 0 --num_workers 4 --prototype_bank D:\luna16-work\runs\experiments_v2\seed_0\prototype_bank\prototype_bank.pkl --init_checkpoint D:\luna16-work\runs\experiments_v2\seed_0\resnet18_strong\best_model.pth --output_dir D:\luna16-work\runs\experiments_v2\seed_0\pbip_lite

Device=cuda epochs=20 alpha=0.3 beta=0.0 augment=strong seed=0
LUNA16Dataset (split=train): 3553 samples | pos=916 (25.8%) | neg=2637 (74.2%)
LUNA16Dataset (split=val): 462 samples | pos=114 (24.7%) | neg=348 (75.3%)
LUNA16Dataset (split=test): 497 samples | pos=98 (19.7%) | neg=399 (80.3%)
Loaded 120 prototypes and initialized from D:\luna16-work\runs\experiments_v2\seed_0\resnet18_strong\best_model.pth (epoch=19)
  Epoch   1 | Batch   50/  55 | total=0.0584 cls=0.0584 proto=0.2144 acc=0.9778
Epoch 01/20: train=0.0679 (BCE=0.0679, proto=0.2234) val_auc=0.9877 val_f1=0.9174
  Epoch   2 | Batch   50/  55 | total=0.0307 cls=0.0307 proto=0.1989 acc=0.9791
Epoch 02/20: train=0.0643 (BCE=0.0643, proto=0.2235) val_auc=0.9879 val_f1=0.9023
  Epoch   3 | Batch   50/  55 | total=0.1218 cls=0.1218 proto=0.2425 acc=0.9806
Epoch 03/20: train=0.0610 (BCE=0.0610, proto=0.2172) val_auc=0.9889 val_f1=0.9067
  Epoch   4 | Batch   50/  55 | total=0.0313 cls=0.0313 proto=0.1795 acc=0.9844
Epoch 04/20: train=0.0491 (BCE=0.0491, proto=0.2066) val_auc=0.9912 val_f1=0.9124
  Epoch   5 | Batch   50/  55 | total=0.0940 cls=0.0940 proto=0.2717 acc=0.9816
Epoch 05/20: train=0.0498 (BCE=0.0498, proto=0.2125) val_auc=0.9905 val_f1=0.9050
  Epoch   6 | Batch   50/  55 | total=0.0480 cls=0.0480 proto=0.2775 acc=0.9834
Epoch 06/20: train=0.0466 (BCE=0.0466, proto=0.2127) val_auc=0.9879 val_f1=0.9167
  Epoch   7 | Batch   50/  55 | total=0.0436 cls=0.0436 proto=0.1950 acc=0.9862
Epoch 07/20: train=0.0438 (BCE=0.0438, proto=0.2085) val_auc=0.9866 val_f1=0.9091
  Epoch   8 | Batch   50/  55 | total=0.0128 cls=0.0128 proto=0.1744 acc=0.9891
Epoch 08/20: train=0.0331 (BCE=0.0331, proto=0.1985) val_auc=0.9858 val_f1=0.9174
  Epoch   9 | Batch   50/  55 | total=0.0128 cls=0.0128 proto=0.1892 acc=0.9897
Epoch 09/20: train=0.0419 (BCE=0.0419, proto=0.2029) val_auc=0.9918 val_f1=0.9182
  Epoch  10 | Batch   50/  55 | total=0.0479 cls=0.0479 proto=0.2366 acc=0.9891
Epoch 10/20: train=0.0336 (BCE=0.0336, proto=0.1976) val_auc=0.9846 val_f1=0.9151
  Epoch  11 | Batch   50/  55 | total=0.0220 cls=0.0220 proto=0.1704 acc=0.9894
Epoch 11/20: train=0.0396 (BCE=0.0396, proto=0.1988) val_auc=0.9886 val_f1=0.9202
  Epoch  12 | Batch   50/  55 | total=0.0218 cls=0.0218 proto=0.1803 acc=0.9897
Epoch 12/20: train=0.0295 (BCE=0.0295, proto=0.2010) val_auc=0.9891 val_f1=0.9209
  Epoch  13 | Batch   50/  55 | total=0.0122 cls=0.0122 proto=0.2209 acc=0.9938
Epoch 13/20: train=0.0253 (BCE=0.0253, proto=0.1922) val_auc=0.9882 val_f1=0.9202
  Epoch  14 | Batch   50/  55 | total=0.0146 cls=0.0146 proto=0.1932 acc=0.9912
Epoch 14/20: train=0.0284 (BCE=0.0284, proto=0.1954) val_auc=0.9907 val_f1=0.9273
  Epoch  15 | Batch   50/  55 | total=0.0258 cls=0.0258 proto=0.1757 acc=0.9938
Epoch 15/20: train=0.0231 (BCE=0.0231, proto=0.1920) val_auc=0.9914 val_f1=0.9266
  Epoch  16 | Batch   50/  55 | total=0.0090 cls=0.0090 proto=0.1686 acc=0.9928
Epoch 16/20: train=0.0290 (BCE=0.0290, proto=0.1959) val_auc=0.9893 val_f1=0.9209
  Epoch  17 | Batch   50/  55 | total=0.0166 cls=0.0166 proto=0.1883 acc=0.9891
Epoch 17/20: train=0.0337 (BCE=0.0337, proto=0.1988) val_auc=0.9904 val_f1=0.9209
  Epoch  18 | Batch   50/  55 | total=0.0311 cls=0.0311 proto=0.2637 acc=0.9891
Epoch 18/20: train=0.0361 (BCE=0.0361, proto=0.2022) val_auc=0.9907 val_f1=0.9209
  Epoch  19 | Batch   50/  55 | total=0.0630 cls=0.0630 proto=0.1804 acc=0.9881
Epoch 19/20: train=0.0348 (BCE=0.0348, proto=0.2016) val_auc=0.9906 val_f1=0.9209
  Epoch  20 | Batch   50/  55 | total=0.1167 cls=0.1167 proto=0.2724 acc=0.9875
Epoch 20/20: train=0.0452 (BCE=0.0452, proto=0.2049) val_auc=0.9905 val_f1=0.9159
Test: AUC=0.9950 F1=0.9406 Acc=0.9759
Saved results to D:\luna16-work\runs\experiments_v2\seed_0\pbip_lite
