$ D:\luna16-work\.venv\Scripts\python.exe -u D:\luna16-work\src\pbip_train.py --epochs 20 --batch_size 64 --augment strong --alpha 0.3 --beta 0.05 --seed 2 --num_workers 4 --prototype_bank D:\luna16-work\runs\experiments_v2\seed_2\prototype_bank\prototype_bank.pkl --init_checkpoint D:\luna16-work\runs\experiments_v2\seed_2\resnet18_strong\best_model.pth --output_dir D:\luna16-work\runs\experiments_v2\seed_2\pbip_contrast

Device=cuda epochs=20 alpha=0.3 beta=0.05 augment=strong seed=2
LUNA16Dataset (split=train): 3553 samples | pos=916 (25.8%) | neg=2637 (74.2%)
LUNA16Dataset (split=val): 462 samples | pos=114 (24.7%) | neg=348 (75.3%)
LUNA16Dataset (split=test): 497 samples | pos=98 (19.7%) | neg=399 (80.3%)
Loaded 120 prototypes and initialized from D:\luna16-work\runs\experiments_v2\seed_2\resnet18_strong\best_model.pth (epoch=18)
  Epoch   1 | Batch   50/  55 | total=0.0452 cls=0.0347 proto=0.2088 acc=0.9797
Epoch 01/20: train=0.0707 (BCE=0.0596, proto=0.2231) val_auc=0.9903 val_f1=0.9057
  Epoch   2 | Batch   50/  55 | total=0.0565 cls=0.0478 proto=0.1747 acc=0.9812
Epoch 02/20: train=0.0658 (BCE=0.0555, proto=0.2043) val_auc=0.9880 val_f1=0.9189
  Epoch   3 | Batch   50/  55 | total=0.0513 cls=0.0408 proto=0.2111 acc=0.9838
Epoch 03/20: train=0.0594 (BCE=0.0499, proto=0.1908) val_auc=0.9865 val_f1=0.9209
  Epoch   4 | Batch   50/  55 | total=0.0213 cls=0.0130 proto=0.1669 acc=0.9800
Epoch 04/20: train=0.0660 (BCE=0.0565, proto=0.1901) val_auc=0.9869 val_f1=0.9412
  Epoch   5 | Batch   50/  55 | total=0.0160 cls=0.0083 proto=0.1534 acc=0.9897
Epoch 05/20: train=0.0512 (BCE=0.0424, proto=0.1758) val_auc=0.9854 val_f1=0.9266
  Epoch   6 | Batch   50/  55 | total=0.1314 cls=0.1197 proto=0.2340 acc=0.9841
Epoch 06/20: train=0.0505 (BCE=0.0417, proto=0.1755) val_auc=0.9871 val_f1=0.9182
  Epoch   7 | Batch   50/  55 | total=0.0186 cls=0.0108 proto=0.1561 acc=0.9875
Epoch 07/20: train=0.0458 (BCE=0.0373, proto=0.1698) val_auc=0.9885 val_f1=0.9124
  Epoch   8 | Batch   50/  55 | total=0.0527 cls=0.0440 proto=0.1729 acc=0.9934
Epoch 08/20: train=0.0377 (BCE=0.0296, proto=0.1626) val_auc=0.9874 val_f1=0.9224
  Epoch   9 | Batch   50/  55 | total=0.0334 cls=0.0261 proto=0.1461 acc=0.9888
Epoch 09/20: train=0.0419 (BCE=0.0337, proto=0.1644) val_auc=0.9895 val_f1=0.9266
  Epoch  10 | Batch   50/  55 | total=0.0192 cls=0.0112 proto=0.1588 acc=0.9903
Epoch 10/20: train=0.0387 (BCE=0.0307, proto=0.1615) val_auc=0.9894 val_f1=0.9167
  Epoch  11 | Batch   50/  55 | total=0.0094 cls=0.0026 proto=0.1366 acc=0.9894
Epoch 11/20: train=0.0409 (BCE=0.0327, proto=0.1630) val_auc=0.9876 val_f1=0.9189
  Epoch  12 | Batch   50/  55 | total=0.0136 cls=0.0060 proto=0.1503 acc=0.9894
Epoch 12/20: train=0.0399 (BCE=0.0318, proto=0.1617) val_auc=0.9915 val_f1=0.9224
  Epoch  13 | Batch   50/  55 | total=0.0467 cls=0.0395 proto=0.1439 acc=0.9944
Epoch 13/20: train=0.0308 (BCE=0.0230, proto=0.1561) val_auc=0.9907 val_f1=0.9124
  Epoch  14 | Batch   50/  55 | total=0.0618 cls=0.0532 proto=0.1734 acc=0.9944
Epoch 14/20: train=0.0281 (BCE=0.0204, proto=0.1532) val_auc=0.9903 val_f1=0.9074
  Epoch  15 | Batch   50/  55 | total=0.0227 cls=0.0160 proto=0.1336 acc=0.9922
Epoch 15/20: train=0.0333 (BCE=0.0256, proto=0.1544) val_auc=0.9884 val_f1=0.9074
  Epoch  16 | Batch   50/  55 | total=0.0123 cls=0.0053 proto=0.1395 acc=0.9938
Epoch 16/20: train=0.0324 (BCE=0.0247, proto=0.1543) val_auc=0.9882 val_f1=0.9083
  Epoch  17 | Batch   50/  55 | total=0.1109 cls=0.1024 proto=0.1694 acc=0.9916
Epoch 17/20: train=0.0345 (BCE=0.0268, proto=0.1555) val_auc=0.9897 val_f1=0.9074
  Epoch  18 | Batch   50/  55 | total=0.0159 cls=0.0089 proto=0.1411 acc=0.9900
Epoch 18/20: train=0.0388 (BCE=0.0309, proto=0.1581) val_auc=0.9893 val_f1=0.9074
  Epoch  19 | Batch   50/  55 | total=0.0577 cls=0.0500 proto=0.1544 acc=0.9903
Epoch 19/20: train=0.0421 (BCE=0.0342, proto=0.1585) val_auc=0.9893 val_f1=0.9074
  Epoch  20 | Batch   50/  55 | total=0.0234 cls=0.0157 proto=0.1529 acc=0.9866
Epoch 20/20: train=0.0517 (BCE=0.0435, proto=0.1644) val_auc=0.9896 val_f1=0.9074
Test: AUC=0.9946 F1=0.9641 Acc=0.9859
Saved results to D:\luna16-work\runs\experiments_v2\seed_2\pbip_contrast
