SKIP completed run: D:\luna16-work\runs\experiments_v2\seed_0\resnet18_noaug
SKIP completed run: D:\luna16-work\runs\experiments_v2\seed_0\resnet18_strong
SKIP completed run: D:\luna16-work\runs\experiments_v2\seed_0\pbip_lite

$ D:\luna16-work\.venv\Scripts\python.exe -u D:\luna16-work\src\pbip_train.py --epochs 20 --batch_size 64 --augment strong --alpha 0.3 --beta 0.05 --seed 0 --num_workers 4 --prototype_bank D:\luna16-work\runs\experiments_v2\seed_0\prototype_bank\prototype_bank.pkl --init_checkpoint D:\luna16-work\runs\experiments_v2\seed_0\resnet18_strong\best_model.pth --output_dir D:\luna16-work\runs\experiments_v2\seed_0\pbip_contrast
Device=cuda epochs=20 alpha=0.3 beta=0.05 augment=strong seed=0
LUNA16Dataset (split=train): 3553 samples | pos=916 (25.8%) | neg=2637 (74.2%)
LUNA16Dataset (split=val): 462 samples | pos=114 (24.7%) | neg=348 (75.3%)
LUNA16Dataset (split=test): 497 samples | pos=98 (19.7%) | neg=399 (80.3%)
Loaded 120 prototypes and initialized from D:\luna16-work\runs\experiments_v2\seed_0\resnet18_strong\best_model.pth (epoch=19)
  Epoch   1 | Batch   50/  55 | total=0.0683 cls=0.0582 proto=0.2025 acc=0.9778
Epoch 01/20: train=0.0787 (BCE=0.0680, proto=0.2155) val_auc=0.9876 val_f1=0.9174
  Epoch   2 | Batch   50/  55 | total=0.0396 cls=0.0306 proto=0.1800 acc=0.9797
Epoch 02/20: train=0.0745 (BCE=0.0642, proto=0.2057) val_auc=0.9875 val_f1=0.8981
  Epoch   3 | Batch   50/  55 | total=0.1301 cls=0.1192 proto=0.2185 acc=0.9816
Epoch 03/20: train=0.0704 (BCE=0.0607, proto=0.1938) val_auc=0.9888 val_f1=0.9067
  Epoch   4 | Batch   50/  55 | total=0.0391 cls=0.0312 proto=0.1575 acc=0.9850
Epoch 04/20: train=0.0581 (BCE=0.0491, proto=0.1804) val_auc=0.9905 val_f1=0.9124
  Epoch   5 | Batch   50/  55 | total=0.1090 cls=0.0969 proto=0.2406 acc=0.9822
Epoch 05/20: train=0.0589 (BCE=0.0497, proto=0.1835) val_auc=0.9900 val_f1=0.9050
  Epoch   6 | Batch   50/  55 | total=0.0607 cls=0.0491 proto=0.2323 acc=0.9831
Epoch 06/20: train=0.0555 (BCE=0.0466, proto=0.1791) val_auc=0.9878 val_f1=0.9217
  Epoch   7 | Batch   50/  55 | total=0.0557 cls=0.0474 proto=0.1666 acc=0.9872
Epoch 07/20: train=0.0526 (BCE=0.0438, proto=0.1742) val_auc=0.9862 val_f1=0.9132
  Epoch   8 | Batch   50/  55 | total=0.0201 cls=0.0130 proto=0.1431 acc=0.9891
Epoch 08/20: train=0.0416 (BCE=0.0334, proto=0.1646) val_auc=0.9859 val_f1=0.9124
  Epoch   9 | Batch   50/  55 | total=0.0198 cls=0.0122 proto=0.1530 acc=0.9900
Epoch 09/20: train=0.0503 (BCE=0.0419, proto=0.1686) val_auc=0.9914 val_f1=0.9182
  Epoch  10 | Batch   50/  55 | total=0.0555 cls=0.0457 proto=0.1958 acc=0.9888
Epoch 10/20: train=0.0419 (BCE=0.0338, proto=0.1627) val_auc=0.9847 val_f1=0.9151
  Epoch  11 | Batch   50/  55 | total=0.0286 cls=0.0214 proto=0.1427 acc=0.9891
Epoch 11/20: train=0.0479 (BCE=0.0398, proto=0.1629) val_auc=0.9892 val_f1=0.9202
  Epoch  12 | Batch   50/  55 | total=0.0302 cls=0.0230 proto=0.1439 acc=0.9897
Epoch 12/20: train=0.0373 (BCE=0.0292, proto=0.1614) val_auc=0.9892 val_f1=0.9159
  Epoch  13 | Batch   50/  55 | total=0.0200 cls=0.0115 proto=0.1706 acc=0.9934
Epoch 13/20: train=0.0332 (BCE=0.0254, proto=0.1562) val_auc=0.9881 val_f1=0.9202
  Epoch  14 | Batch   50/  55 | total=0.0229 cls=0.0152 proto=0.1544 acc=0.9916
Epoch 14/20: train=0.0364 (BCE=0.0285, proto=0.1576) val_auc=0.9903 val_f1=0.9273
  Epoch  15 | Batch   50/  55 | total=0.0335 cls=0.0263 proto=0.1429 acc=0.9938
Epoch 15/20: train=0.0309 (BCE=0.0232, proto=0.1534) val_auc=0.9914 val_f1=0.9309
  Epoch  16 | Batch   50/  55 | total=0.0159 cls=0.0092 proto=0.1335 acc=0.9928
Epoch 16/20: train=0.0371 (BCE=0.0292, proto=0.1572) val_auc=0.9895 val_f1=0.9209
  Epoch  17 | Batch   50/  55 | total=0.0216 cls=0.0142 proto=0.1477 acc=0.9894
Epoch 17/20: train=0.0418 (BCE=0.0338, proto=0.1598) val_auc=0.9905 val_f1=0.9159
  Epoch  18 | Batch   50/  55 | total=0.0413 cls=0.0312 proto=0.2012 acc=0.9881
Epoch 18/20: train=0.0442 (BCE=0.0361, proto=0.1629) val_auc=0.9909 val_f1=0.9209
  Epoch  19 | Batch   50/  55 | total=0.0697 cls=0.0623 proto=0.1470 acc=0.9884
Epoch 19/20: train=0.0430 (BCE=0.0349, proto=0.1614) val_auc=0.9905 val_f1=0.9209
  Epoch  20 | Batch   50/  55 | total=0.1285 cls=0.1172 proto=0.2258 acc=0.9869
Epoch 20/20: train=0.0538 (BCE=0.0455, proto=0.1656) val_auc=0.9906 val_f1=0.9159
Test: AUC=0.9954 F1=0.9406 Acc=0.9759
Saved results to D:\luna16-work\runs\experiments_v2\seed_0\pbip_contrast

$ D:\luna16-work\.venv\Scripts\python.exe -u D:\luna16-work\src\train.py --epochs 20 --batch_size 64 --augment none --seed 1 --num_workers 4 --output_dir D:\luna16-work\runs\experiments_v2\seed_1\resnet18_noaug
LUNA16Dataset (split=train): 3553 samples | pos=916 (25.8%) | neg=2637 (74.2%)
LUNA16Dataset (split=val): 462 samples | pos=114 (24.7%) | neg=348 (75.3%)
LUNA16Dataset (split=test): 497 samples | pos=98 (19.7%) | neg=399 (80.3%)
Device=cuda method=resnet18_none epochs=20 seed=1 pretrained=True
  Epoch   1 | Batch   50/  55 | Loss=0.2163 Acc=0.8231
Epoch 01/20: train_loss=0.3985 train_acc=0.8313 val_auc=0.9186 val_f1=0.7879
  Epoch   2 | Batch   50/  55 | Loss=0.1048 Acc=0.9334
Epoch 02/20: train_loss=0.1896 train_acc=0.9324 val_auc=0.9762 val_f1=0.8571
  Epoch   3 | Batch   50/  55 | Loss=0.2140 Acc=0.9516
Epoch 03/20: train_loss=0.1301 train_acc=0.9497 val_auc=0.9657 val_f1=0.8098
  Epoch   4 | Batch   50/  55 | Loss=0.1636 Acc=0.9678
Epoch 04/20: train_loss=0.0941 train_acc=0.9682 val_auc=0.9679 val_f1=0.8122
  Epoch   5 | Batch   50/  55 | Loss=0.0426 Acc=0.9784
Epoch 05/20: train_loss=0.0586 train_acc=0.9790 val_auc=0.9705 val_f1=0.8750
  Epoch   6 | Batch   50/  55 | Loss=0.0634 Acc=0.9819
Epoch 06/20: train_loss=0.0493 train_acc=0.9818 val_auc=0.9579 val_f1=0.8622
  Epoch   7 | Batch   50/  55 | Loss=0.1464 Acc=0.9869
Epoch 07/20: train_loss=0.0412 train_acc=0.9864 val_auc=0.9440 val_f1=0.7119
  Epoch   8 | Batch   50/  55 | Loss=0.0042 Acc=0.9897
Epoch 08/20: train_loss=0.0270 train_acc=0.9903 val_auc=0.9598 val_f1=0.8472
  Epoch   9 | Batch   50/  55 | Loss=0.0100 Acc=0.9909
Epoch 09/20: train_loss=0.0287 train_acc=0.9901 val_auc=0.9734 val_f1=0.8952
  Epoch  10 | Batch   50/  55 | Loss=0.0034 Acc=0.9975
Epoch 10/20: train_loss=0.0101 train_acc=0.9969 val_auc=0.9815 val_f1=0.8670
  Epoch  11 | Batch   50/  55 | Loss=0.0022 Acc=0.9991
Epoch 11/20: train_loss=0.0037 train_acc=0.9991 val_auc=0.9862 val_f1=0.8889
  Epoch  12 | Batch   50/  55 | Loss=0.0006 Acc=0.9997
Epoch 12/20: train_loss=0.0022 train_acc=0.9997 val_auc=0.9859 val_f1=0.8952
  Epoch  13 | Batch   50/  55 | Loss=0.0003 Acc=1.0000
Epoch 13/20: train_loss=0.0007 train_acc=1.0000 val_auc=0.9888 val_f1=0.8792
  Epoch  14 | Batch   50/  55 | Loss=0.0002 Acc=1.0000
Epoch 14/20: train_loss=0.0007 train_acc=1.0000 val_auc=0.9877 val_f1=0.8910
  Epoch  15 | Batch   50/  55 | Loss=0.0005 Acc=1.0000
Epoch 15/20: train_loss=0.0006 train_acc=1.0000 val_auc=0.9879 val_f1=0.8962
  Epoch  16 | Batch   50/  55 | Loss=0.0002 Acc=1.0000
Epoch 16/20: train_loss=0.0004 train_acc=1.0000 val_auc=0.9879 val_f1=0.8952
  Epoch  17 | Batch   50/  55 | Loss=0.0002 Acc=1.0000
Epoch 17/20: train_loss=0.0005 train_acc=1.0000 val_auc=0.9876 val_f1=0.8900
  Epoch  18 | Batch   50/  55 | Loss=0.0002 Acc=1.0000
Epoch 18/20: train_loss=0.0003 train_acc=1.0000 val_auc=0.9882 val_f1=0.9005
  Epoch  19 | Batch   50/  55 | Loss=0.0001 Acc=1.0000
Epoch 19/20: train_loss=0.0004 train_acc=1.0000 val_auc=0.9881 val_f1=0.8962
  Epoch  20 | Batch   50/  55 | Loss=0.0002 Acc=1.0000
Epoch 20/20: train_loss=0.0004 train_acc=1.0000 val_auc=0.9881 val_f1=0.8910
Test: AUC=0.9872 F1=0.8958 Acc=0.9598
Saved results to D:\luna16-work\runs\experiments_v2\seed_1\resnet18_noaug

$ D:\luna16-work\.venv\Scripts\python.exe -u D:\luna16-work\src\train.py --epochs 20 --batch_size 64 --augment strong --seed 1 --num_workers 4 --output_dir D:\luna16-work\runs\experiments_v2\seed_1\resnet18_strong
LUNA16Dataset (split=train): 3553 samples | pos=916 (25.8%) | neg=2637 (74.2%)
LUNA16Dataset (split=val): 462 samples | pos=114 (24.7%) | neg=348 (75.3%)
LUNA16Dataset (split=test): 497 samples | pos=98 (19.7%) | neg=399 (80.3%)
Device=cuda method=resnet18_strong epochs=20 seed=1 pretrained=True
  Epoch   1 | Batch   50/  55 | Loss=0.1929 Acc=0.8272
Epoch 01/20: train_loss=0.3982 train_acc=0.8338 val_auc=0.9394 val_f1=0.7897
  Epoch   2 | Batch   50/  55 | Loss=0.1411 Acc=0.9200
Epoch 02/20: train_loss=0.2173 train_acc=0.9193 val_auc=0.9807 val_f1=0.8626
  Epoch   3 | Batch   50/  55 | Loss=0.3657 Acc=0.9222
Epoch 03/20: train_loss=0.1987 train_acc=0.9207 val_auc=0.9528 val_f1=0.6391
  Epoch   4 | Batch   50/  55 | Loss=0.2151 Acc=0.9334
Epoch 04/20: train_loss=0.1816 train_acc=0.9344 val_auc=0.9707 val_f1=0.8061
  Epoch   5 | Batch   50/  55 | Loss=0.1283 Acc=0.9406
Epoch 05/20: train_loss=0.1595 train_acc=0.9395 val_auc=0.9815 val_f1=0.8792
  Epoch   6 | Batch   50/  55 | Loss=0.1129 Acc=0.9469
Epoch 06/20: train_loss=0.1499 train_acc=0.9443 val_auc=0.9628 val_f1=0.8774
  Epoch   7 | Batch   50/  55 | Loss=0.2555 Acc=0.9469
Epoch 07/20: train_loss=0.1378 train_acc=0.9474 val_auc=0.9611 val_f1=0.8411
  Epoch   8 | Batch   50/  55 | Loss=0.0665 Acc=0.9481
Epoch 08/20: train_loss=0.1364 train_acc=0.9466 val_auc=0.9685 val_f1=0.8696
  Epoch   9 | Batch   50/  55 | Loss=0.0558 Acc=0.9528
Epoch 09/20: train_loss=0.1262 train_acc=0.9540 val_auc=0.9780 val_f1=0.8947
  Epoch  10 | Batch   50/  55 | Loss=0.0661 Acc=0.9581
Epoch 10/20: train_loss=0.1197 train_acc=0.9591 val_auc=0.9773 val_f1=0.9189
  Epoch  11 | Batch   50/  55 | Loss=0.1342 Acc=0.9641
Epoch 11/20: train_loss=0.0982 train_acc=0.9648 val_auc=0.9924 val_f1=0.8932
  Epoch  12 | Batch   50/  55 | Loss=0.1375 Acc=0.9663
Epoch 12/20: train_loss=0.0938 train_acc=0.9668 val_auc=0.9742 val_f1=0.9065
  Epoch  13 | Batch   50/  55 | Loss=0.0870 Acc=0.9669
Epoch 13/20: train_loss=0.0857 train_acc=0.9673 val_auc=0.9911 val_f1=0.9174
  Epoch  14 | Batch   50/  55 | Loss=0.0594 Acc=0.9703
Epoch 14/20: train_loss=0.0868 train_acc=0.9696 val_auc=0.9881 val_f1=0.9259
  Epoch  15 | Batch   50/  55 | Loss=0.0088 Acc=0.9694
Epoch 15/20: train_loss=0.0788 train_acc=0.9705 val_auc=0.9902 val_f1=0.9279
  Epoch  16 | Batch   50/  55 | Loss=0.1757 Acc=0.9769
Epoch 16/20: train_loss=0.0693 train_acc=0.9770 val_auc=0.9915 val_f1=0.9038
  Epoch  17 | Batch   50/  55 | Loss=0.1238 Acc=0.9778
Epoch 17/20: train_loss=0.0626 train_acc=0.9778 val_auc=0.9940 val_f1=0.9266
  Epoch  18 | Batch   50/  55 | Loss=0.0283 Acc=0.9781
Epoch 18/20: train_loss=0.0567 train_acc=0.9790 val_auc=0.9913 val_f1=0.9412
  Epoch  19 | Batch   50/  55 | Loss=0.1083 Acc=0.9772
Epoch 19/20: train_loss=0.0628 train_acc=0.9778 val_auc=0.9921 val_f1=0.9266
  Epoch  20 | Batch   50/  55 | Loss=0.0175 Acc=0.9809
Epoch 20/20: train_loss=0.0571 train_acc=0.9818 val_auc=0.9923 val_f1=0.9266
Test: AUC=0.9949 F1=0.9307 Acc=0.9718
Saved results to D:\luna16-work\runs\experiments_v2\seed_1\resnet18_strong

$ D:\luna16-work\.venv\Scripts\python.exe -u D:\luna16-work\src\prototype_bank.py --checkpoint D:\luna16-work\runs\experiments_v2\seed_1\resnet18_strong\best_model.pth --output_dir D:\luna16-work\runs\experiments_v2\seed_1\prototype_bank --seed 1 --num_workers 4
Loading checkpoint: D:\luna16-work\runs\experiments_v2\seed_1\resnet18_strong\best_model.pth
LUNA16Dataset (split=train): 3553 samples | pos=916 (25.8%) | neg=2637 (74.2%)
Extracted (3553, 512); negative=2637 positive=916
Saved prototype bank and reports to D:\luna16-work\runs\experiments_v2\seed_1\prototype_bank

$ D:\luna16-work\.venv\Scripts\python.exe -u D:\luna16-work\src\pbip_train.py --epochs 20 --batch_size 64 --augment strong --alpha 0.3 --beta 0.0 --seed 1 --num_workers 4 --prototype_bank D:\luna16-work\runs\experiments_v2\seed_1\prototype_bank\prototype_bank.pkl --init_checkpoint D:\luna16-work\runs\experiments_v2\seed_1\resnet18_strong\best_model.pth --output_dir D:\luna16-work\runs\experiments_v2\seed_1\pbip_lite
Device=cuda epochs=20 alpha=0.3 beta=0.0 augment=strong seed=1
LUNA16Dataset (split=train): 3553 samples | pos=916 (25.8%) | neg=2637 (74.2%)
LUNA16Dataset (split=val): 462 samples | pos=114 (24.7%) | neg=348 (75.3%)
LUNA16Dataset (split=test): 497 samples | pos=98 (19.7%) | neg=399 (80.3%)
Loaded 120 prototypes and initialized from D:\luna16-work\runs\experiments_v2\seed_1\resnet18_strong\best_model.pth (epoch=17)
  Epoch   1 | Batch   50/  55 | total=0.0199 cls=0.0199 proto=0.1369 acc=0.9778
Epoch 01/20: train=0.0663 (BCE=0.0663, proto=0.1754) val_auc=0.9918 val_f1=0.9309
  Epoch   2 | Batch   50/  55 | total=0.0119 cls=0.0119 proto=0.1244 acc=0.9806
Epoch 02/20: train=0.0547 (BCE=0.0547, proto=0.1558) val_auc=0.9886 val_f1=0.9196
  Epoch   3 | Batch   50/  55 | total=0.0359 cls=0.0359 proto=0.1798 acc=0.9819
Epoch 03/20: train=0.0565 (BCE=0.0565, proto=0.1556) val_auc=0.9870 val_f1=0.9132
  Epoch   4 | Batch   50/  55 | total=0.1261 cls=0.1261 proto=0.2139 acc=0.9819
Epoch 04/20: train=0.0512 (BCE=0.0512, proto=0.1567) val_auc=0.9883 val_f1=0.9231
  Epoch   5 | Batch   50/  55 | total=0.0042 cls=0.0042 proto=0.1129 acc=0.9828
Epoch 05/20: train=0.0502 (BCE=0.0502, proto=0.1529) val_auc=0.9931 val_f1=0.9224
  Epoch   6 | Batch   50/  55 | total=0.0234 cls=0.0234 proto=0.1300 acc=0.9866
Epoch 06/20: train=0.0404 (BCE=0.0404, proto=0.1454) val_auc=0.9887 val_f1=0.9209
  Epoch   7 | Batch   50/  55 | total=0.0908 cls=0.0908 proto=0.1910 acc=0.9897
Epoch 07/20: train=0.0348 (BCE=0.0348, proto=0.1397) val_auc=0.9891 val_f1=0.9167
  Epoch   8 | Batch   50/  55 | total=0.0272 cls=0.0272 proto=0.1519 acc=0.9884
Epoch 08/20: train=0.0345 (BCE=0.0345, proto=0.1401) val_auc=0.9911 val_f1=0.9273
  Epoch   9 | Batch   50/  55 | total=0.0394 cls=0.0394 proto=0.1517 acc=0.9894
Epoch 09/20: train=0.0334 (BCE=0.0334, proto=0.1402) val_auc=0.9932 val_f1=0.9375
  Epoch  10 | Batch   50/  55 | total=0.0201 cls=0.0201 proto=0.1557 acc=0.9919
Epoch 10/20: train=0.0277 (BCE=0.0277, proto=0.1345) val_auc=0.9903 val_f1=0.9273
  Epoch  11 | Batch   50/  55 | total=0.0185 cls=0.0185 proto=0.1047 acc=0.9953
Epoch 11/20: train=0.0219 (BCE=0.0219, proto=0.1281) val_auc=0.9873 val_f1=0.9194
  Epoch  12 | Batch   50/  55 | total=0.0685 cls=0.0685 proto=0.1369 acc=0.9912
Epoch 12/20: train=0.0285 (BCE=0.0285, proto=0.1320) val_auc=0.9906 val_f1=0.9217
  Epoch  13 | Batch   50/  55 | total=0.0073 cls=0.0073 proto=0.1141 acc=0.9922
Epoch 13/20: train=0.0221 (BCE=0.0221, proto=0.1285) val_auc=0.9881 val_f1=0.9266
  Epoch  14 | Batch   50/  55 | total=0.0323 cls=0.0323 proto=0.1398 acc=0.9928
Epoch 14/20: train=0.0232 (BCE=0.0232, proto=0.1306) val_auc=0.9888 val_f1=0.9217
  Epoch  15 | Batch   50/  55 | total=0.0038 cls=0.0038 proto=0.1204 acc=0.9931
Epoch 15/20: train=0.0255 (BCE=0.0255, proto=0.1320) val_auc=0.9900 val_f1=0.9182
  Epoch  16 | Batch   50/  55 | total=0.1134 cls=0.1134 proto=0.1666 acc=0.9906
Epoch 16/20: train=0.0278 (BCE=0.0278, proto=0.1314) val_auc=0.9911 val_f1=0.9224
  Epoch  17 | Batch   50/  55 | total=0.0768 cls=0.0768 proto=0.1363 acc=0.9903
Epoch 17/20: train=0.0329 (BCE=0.0329, proto=0.1375) val_auc=0.9908 val_f1=0.9174
  Epoch  18 | Batch   50/  55 | total=0.0314 cls=0.0314 proto=0.1650 acc=0.9878
Epoch 18/20: train=0.0352 (BCE=0.0352, proto=0.1384) val_auc=0.9916 val_f1=0.9273
  Epoch  19 | Batch   50/  55 | total=0.0799 cls=0.0799 proto=0.1417 acc=0.9856
Epoch 19/20: train=0.0428 (BCE=0.0428, proto=0.1430) val_auc=0.9913 val_f1=0.9315
  Epoch  20 | Batch   50/  55 | total=0.0104 cls=0.0104 proto=0.1260 acc=0.9875
Epoch 20/20: train=0.0389 (BCE=0.0389, proto=0.1410) val_auc=0.9913 val_f1=0.9315
Test: AUC=0.9951 F1=0.9208 Acc=0.9678
Saved results to D:\luna16-work\runs\experiments_v2\seed_1\pbip_lite

$ D:\luna16-work\.venv\Scripts\python.exe -u D:\luna16-work\src\pbip_train.py --epochs 20 --batch_size 64 --augment strong --alpha 0.3 --beta 0.05 --seed 1 --num_workers 4 --prototype_bank D:\luna16-work\runs\experiments_v2\seed_1\prototype_bank\prototype_bank.pkl --init_checkpoint D:\luna16-work\runs\experiments_v2\seed_1\resnet18_strong\best_model.pth --output_dir D:\luna16-work\runs\experiments_v2\seed_1\pbip_contrast
Device=cuda epochs=20 alpha=0.3 beta=0.05 augment=strong seed=1
LUNA16Dataset (split=train): 3553 samples | pos=916 (25.8%) | neg=2637 (74.2%)
LUNA16Dataset (split=val): 462 samples | pos=114 (24.7%) | neg=348 (75.3%)
LUNA16Dataset (split=test): 497 samples | pos=98 (19.7%) | neg=399 (80.3%)
Loaded 120 prototypes and initialized from D:\luna16-work\runs\experiments_v2\seed_1\resnet18_strong\best_model.pth (epoch=17)
  Epoch   1 | Batch   50/  55 | total=0.0254 cls=0.0190 proto=0.1261 acc=0.9778
Epoch 01/20: train=0.0744 (BCE=0.0660, proto=0.1683) val_auc=0.9916 val_f1=0.9309
  Epoch   2 | Batch   50/  55 | total=0.0169 cls=0.0113 proto=0.1117 acc=0.9809
Epoch 02/20: train=0.0621 (BCE=0.0549, proto=0.1443) val_auc=0.9883 val_f1=0.9196
  Epoch   3 | Batch   50/  55 | total=0.0430 cls=0.0353 proto=0.1558 acc=0.9822
Epoch 03/20: train=0.0635 (BCE=0.0565, proto=0.1406) val_auc=0.9870 val_f1=0.9132
  Epoch   4 | Batch   50/  55 | total=0.1395 cls=0.1301 proto=0.1897 acc=0.9819
Epoch 04/20: train=0.0584 (BCE=0.0514, proto=0.1385) val_auc=0.9879 val_f1=0.9231
  Epoch   5 | Batch   50/  55 | total=0.0088 cls=0.0040 proto=0.0953 acc=0.9831
Epoch 05/20: train=0.0570 (BCE=0.0503, proto=0.1331) val_auc=0.9928 val_f1=0.9182
  Epoch   6 | Batch   50/  55 | total=0.0295 cls=0.0240 proto=0.1108 acc=0.9866
Epoch 06/20: train=0.0466 (BCE=0.0404, proto=0.1255) val_auc=0.9887 val_f1=0.9209
  Epoch   7 | Batch   50/  55 | total=0.1029 cls=0.0947 proto=0.1630 acc=0.9894
Epoch 07/20: train=0.0409 (BCE=0.0350, proto=0.1195) val_auc=0.9887 val_f1=0.9209
  Epoch   8 | Batch   50/  55 | total=0.0325 cls=0.0264 proto=0.1222 acc=0.9891
Epoch 08/20: train=0.0406 (BCE=0.0347, proto=0.1193) val_auc=0.9907 val_f1=0.9224
  Epoch   9 | Batch   50/  55 | total=0.0447 cls=0.0381 proto=0.1319 acc=0.9894
Epoch 09/20: train=0.0394 (BCE=0.0335, proto=0.1181) val_auc=0.9930 val_f1=0.9375
  Epoch  10 | Batch   50/  55 | total=0.0254 cls=0.0193 proto=0.1232 acc=0.9912
Epoch 10/20: train=0.0333 (BCE=0.0277, proto=0.1124) val_auc=0.9902 val_f1=0.9273
  Epoch  11 | Batch   50/  55 | total=0.0218 cls=0.0173 proto=0.0891 acc=0.9953
Epoch 11/20: train=0.0272 (BCE=0.0219, proto=0.1062) val_auc=0.9871 val_f1=0.9151
  Epoch  12 | Batch   50/  55 | total=0.0763 cls=0.0701 proto=0.1226 acc=0.9909
Epoch 12/20: train=0.0344 (BCE=0.0288, proto=0.1113) val_auc=0.9906 val_f1=0.9217
  Epoch  13 | Batch   50/  55 | total=0.0119 cls=0.0073 proto=0.0921 acc=0.9928
Epoch 13/20: train=0.0273 (BCE=0.0219, proto=0.1065) val_auc=0.9880 val_f1=0.9217
  Epoch  14 | Batch   50/  55 | total=0.0365 cls=0.0307 proto=0.1159 acc=0.9934
Epoch 14/20: train=0.0286 (BCE=0.0232, proto=0.1084) val_auc=0.9886 val_f1=0.9217
  Epoch  15 | Batch   50/  55 | total=0.0083 cls=0.0036 proto=0.0946 acc=0.9931
Epoch 15/20: train=0.0311 (BCE=0.0256, proto=0.1092) val_auc=0.9898 val_f1=0.9182
  Epoch  16 | Batch   50/  55 | total=0.1238 cls=0.1162 proto=0.1531 acc=0.9906
Epoch 16/20: train=0.0336 (BCE=0.0281, proto=0.1097) val_auc=0.9907 val_f1=0.9174
  Epoch  17 | Batch   50/  55 | total=0.0836 cls=0.0776 proto=0.1206 acc=0.9906
Epoch 17/20: train=0.0389 (BCE=0.0332, proto=0.1141) val_auc=0.9908 val_f1=0.9174
  Epoch  18 | Batch   50/  55 | total=0.0370 cls=0.0303 proto=0.1335 acc=0.9875
Epoch 18/20: train=0.0411 (BCE=0.0353, proto=0.1152) val_auc=0.9914 val_f1=0.9224
  Epoch  19 | Batch   50/  55 | total=0.0885 cls=0.0823 proto=0.1235 acc=0.9853
Epoch 19/20: train=0.0494 (BCE=0.0434, proto=0.1205) val_auc=0.9912 val_f1=0.9315
  Epoch  20 | Batch   50/  55 | total=0.0154 cls=0.0104 proto=0.1001 acc=0.9875
Epoch 20/20: train=0.0453 (BCE=0.0394, proto=0.1183) val_auc=0.9912 val_f1=0.9266
Test: AUC=0.9950 F1=0.9208 Acc=0.9678
Saved results to D:\luna16-work\runs\experiments_v2\seed_1\pbip_contrast

$ D:\luna16-work\.venv\Scripts\python.exe -u D:\luna16-work\src\train.py --epochs 20 --batch_size 64 --augment none --seed 2 --num_workers 4 --output_dir D:\luna16-work\runs\experiments_v2\seed_2\resnet18_noaug
LUNA16Dataset (split=train): 3553 samples | pos=916 (25.8%) | neg=2637 (74.2%)
LUNA16Dataset (split=val): 462 samples | pos=114 (24.7%) | neg=348 (75.3%)
LUNA16Dataset (split=test): 497 samples | pos=98 (19.7%) | neg=399 (80.3%)
Device=cuda method=resnet18_none epochs=20 seed=2 pretrained=True
  Epoch   1 | Batch   50/  55 | Loss=0.1871 Acc=0.8134
Epoch 01/20: train_loss=0.4223 train_acc=0.8207 val_auc=0.9059 val_f1=0.6743
  Epoch   2 | Batch   50/  55 | Loss=0.2132 Acc=0.9259
Epoch 02/20: train_loss=0.1927 train_acc=0.9264 val_auc=0.9528 val_f1=0.7941
  Epoch   3 | Batch   50/  55 | Loss=0.1674 Acc=0.9575
Epoch 03/20: train_loss=0.1336 train_acc=0.9565 val_auc=0.9387 val_f1=0.8317
  Epoch   4 | Batch   50/  55 | Loss=0.0738 Acc=0.9678
Epoch 04/20: train_loss=0.0955 train_acc=0.9682 val_auc=0.9638 val_f1=0.8442
  Epoch   5 | Batch   50/  55 | Loss=0.0261 Acc=0.9769
Epoch 05/20: train_loss=0.0686 train_acc=0.9753 val_auc=0.9225 val_f1=0.8411
  Epoch   6 | Batch   50/  55 | Loss=0.1144 Acc=0.9781
Epoch 06/20: train_loss=0.0614 train_acc=0.9784 val_auc=0.9686 val_f1=0.8063
  Epoch   7 | Batch   50/  55 | Loss=0.0349 Acc=0.9872
Epoch 07/20: train_loss=0.0338 train_acc=0.9866 val_auc=0.9639 val_f1=0.7293
  Epoch   8 | Batch   50/  55 | Loss=0.0372 Acc=0.9928
Epoch 08/20: train_loss=0.0220 train_acc=0.9920 val_auc=0.9689 val_f1=0.8679
  Epoch   9 | Batch   50/  55 | Loss=0.0020 Acc=0.9941
Epoch 09/20: train_loss=0.0164 train_acc=0.9940 val_auc=0.9601 val_f1=0.8664
  Epoch  10 | Batch   50/  55 | Loss=0.0017 Acc=0.9991
Epoch 10/20: train_loss=0.0044 train_acc=0.9991 val_auc=0.9717 val_f1=0.8641
  Epoch  11 | Batch   50/  55 | Loss=0.0008 Acc=0.9991
Epoch 11/20: train_loss=0.0032 train_acc=0.9991 val_auc=0.9835 val_f1=0.8815
  Epoch  12 | Batch   50/  55 | Loss=0.0004 Acc=1.0000
Epoch 12/20: train_loss=0.0012 train_acc=1.0000 val_auc=0.9795 val_f1=0.8544
  Epoch  13 | Batch   50/  55 | Loss=0.0036 Acc=1.0000
Epoch 13/20: train_loss=0.0008 train_acc=1.0000 val_auc=0.9813 val_f1=0.8599
  Epoch  14 | Batch   50/  55 | Loss=0.0003 Acc=1.0000
Epoch 14/20: train_loss=0.0005 train_acc=1.0000 val_auc=0.9802 val_f1=0.8599
  Epoch  15 | Batch   50/  55 | Loss=0.0004 Acc=1.0000
Epoch 15/20: train_loss=0.0004 train_acc=1.0000 val_auc=0.9804 val_f1=0.8599
  Epoch  16 | Batch   50/  55 | Loss=0.0002 Acc=1.0000
Epoch 16/20: train_loss=0.0004 train_acc=1.0000 val_auc=0.9810 val_f1=0.8599
  Epoch  17 | Batch   50/  55 | Loss=0.0001 Acc=1.0000
Epoch 17/20: train_loss=0.0004 train_acc=1.0000 val_auc=0.9804 val_f1=0.8599
  Epoch  18 | Batch   50/  55 | Loss=0.0001 Acc=1.0000
Epoch 18/20: train_loss=0.0003 train_acc=1.0000 val_auc=0.9807 val_f1=0.8599
  Epoch  19 | Batch   50/  55 | Loss=0.0003 Acc=1.0000
Epoch 19/20: train_loss=0.0003 train_acc=1.0000 val_auc=0.9808 val_f1=0.8599
  Epoch  20 | Batch   50/  55 | Loss=0.0002 Acc=1.0000
Epoch 20/20: train_loss=0.0003 train_acc=1.0000 val_auc=0.9811 val_f1=0.8599
Test: AUC=0.9812 F1=0.9200 Acc=0.9678
Saved results to D:\luna16-work\runs\experiments_v2\seed_2\resnet18_noaug

$ D:\luna16-work\.venv\Scripts\python.exe -u D:\luna16-work\src\train.py --epochs 20 --batch_size 64 --augment strong --seed 2 --num_workers 4 --output_dir D:\luna16-work\runs\experiments_v2\seed_2\resnet18_strong
LUNA16Dataset (split=train): 3553 samples | pos=916 (25.8%) | neg=2637 (74.2%)
LUNA16Dataset (split=val): 462 samples | pos=114 (24.7%) | neg=348 (75.3%)
LUNA16Dataset (split=test): 497 samples | pos=98 (19.7%) | neg=399 (80.3%)
Device=cuda method=resnet18_strong epochs=20 seed=2 pretrained=True
  Epoch   1 | Batch   50/  55 | Loss=0.2538 Acc=0.8172
Epoch 01/20: train_loss=0.4129 train_acc=0.8230 val_auc=0.8361 val_f1=0.3714
  Epoch   2 | Batch   50/  55 | Loss=0.1875 Acc=0.9072
Epoch 02/20: train_loss=0.2445 train_acc=0.9065 val_auc=0.8938 val_f1=0.7477
  Epoch   3 | Batch   50/  55 | Loss=0.2564 Acc=0.9269
Epoch 03/20: train_loss=0.2056 train_acc=0.9244 val_auc=0.9672 val_f1=0.8627
  Epoch   4 | Batch   50/  55 | Loss=0.1210 Acc=0.9269
Epoch 04/20: train_loss=0.1928 train_acc=0.9278 val_auc=0.9519 val_f1=0.8396
  Epoch   5 | Batch   50/  55 | Loss=0.0714 Acc=0.9347
Epoch 05/20: train_loss=0.1778 train_acc=0.9347 val_auc=0.9544 val_f1=0.8201
  Epoch   6 | Batch   50/  55 | Loss=0.2994 Acc=0.9381
Epoch 06/20: train_loss=0.1614 train_acc=0.9395 val_auc=0.9625 val_f1=0.8558
  Epoch   7 | Batch   50/  55 | Loss=0.0818 Acc=0.9497
Epoch 07/20: train_loss=0.1443 train_acc=0.9500 val_auc=0.9761 val_f1=0.8981
  Epoch   8 | Batch   50/  55 | Loss=0.1836 Acc=0.9519
Epoch 08/20: train_loss=0.1311 train_acc=0.9511 val_auc=0.9770 val_f1=0.8384
  Epoch   9 | Batch   50/  55 | Loss=0.0778 Acc=0.9481
Epoch 09/20: train_loss=0.1361 train_acc=0.9486 val_auc=0.9796 val_f1=0.8978
  Epoch  10 | Batch   50/  55 | Loss=0.0483 Acc=0.9578
Epoch 10/20: train_loss=0.1148 train_acc=0.9565 val_auc=0.9837 val_f1=0.9050
  Epoch  11 | Batch   50/  55 | Loss=0.0370 Acc=0.9575
Epoch 11/20: train_loss=0.1136 train_acc=0.9582 val_auc=0.9848 val_f1=0.9309
  Epoch  12 | Batch   50/  55 | Loss=0.0522 Acc=0.9650
Epoch 12/20: train_loss=0.1033 train_acc=0.9653 val_auc=0.9831 val_f1=0.9023
  Epoch  13 | Batch   50/  55 | Loss=0.0979 Acc=0.9675
Epoch 13/20: train_loss=0.0910 train_acc=0.9673 val_auc=0.9863 val_f1=0.9252
  Epoch  14 | Batch   50/  55 | Loss=0.0717 Acc=0.9731
Epoch 14/20: train_loss=0.0767 train_acc=0.9733 val_auc=0.9768 val_f1=0.9298
  Epoch  15 | Batch   50/  55 | Loss=0.0498 Acc=0.9738
Epoch 15/20: train_loss=0.0768 train_acc=0.9747 val_auc=0.9789 val_f1=0.9159
  Epoch  16 | Batch   50/  55 | Loss=0.0211 Acc=0.9778
Epoch 16/20: train_loss=0.0716 train_acc=0.9750 val_auc=0.9879 val_f1=0.9182
  Epoch  17 | Batch   50/  55 | Loss=0.1714 Acc=0.9772
Epoch 17/20: train_loss=0.0641 train_acc=0.9784 val_auc=0.9904 val_f1=0.9023
  Epoch  18 | Batch   50/  55 | Loss=0.0293 Acc=0.9828
Epoch 18/20: train_loss=0.0566 train_acc=0.9832 val_auc=0.9915 val_f1=0.9074
  Epoch  19 | Batch   50/  55 | Loss=0.0250 Acc=0.9831
Epoch 19/20: train_loss=0.0496 train_acc=0.9835 val_auc=0.9900 val_f1=0.9182
  Epoch  20 | Batch   50/  55 | Loss=0.0439 Acc=0.9806
Epoch 20/20: train_loss=0.0609 train_acc=0.9793 val_auc=0.9898 val_f1=0.9132
Test: AUC=0.9964 F1=0.9430 Acc=0.9779
Saved results to D:\luna16-work\runs\experiments_v2\seed_2\resnet18_strong

$ D:\luna16-work\.venv\Scripts\python.exe -u D:\luna16-work\src\prototype_bank.py --checkpoint D:\luna16-work\runs\experiments_v2\seed_2\resnet18_strong\best_model.pth --output_dir D:\luna16-work\runs\experiments_v2\seed_2\prototype_bank --seed 2 --num_workers 4
Loading checkpoint: D:\luna16-work\runs\experiments_v2\seed_2\resnet18_strong\best_model.pth
LUNA16Dataset (split=train): 3553 samples | pos=916 (25.8%) | neg=2637 (74.2%)
Extracted (3553, 512); negative=2637 positive=916
Saved prototype bank and reports to D:\luna16-work\runs\experiments_v2\seed_2\prototype_bank

$ D:\luna16-work\.venv\Scripts\python.exe -u D:\luna16-work\src\pbip_train.py --epochs 20 --batch_size 64 --augment strong --alpha 0.3 --beta 0.0 --seed 2 --num_workers 4 --prototype_bank D:\luna16-work\runs\experiments_v2\seed_2\prototype_bank\prototype_bank.pkl --init_checkpoint D:\luna16-work\runs\experiments_v2\seed_2\resnet18_strong\best_model.pth --output_dir D:\luna16-work\runs\experiments_v2\seed_2\pbip_lite
Device=cuda epochs=20 alpha=0.3 beta=0.0 augment=strong seed=2
LUNA16Dataset (split=train): 3553 samples | pos=916 (25.8%) | neg=2637 (74.2%)
LUNA16Dataset (split=val): 462 samples | pos=114 (24.7%) | neg=348 (75.3%)
LUNA16Dataset (split=test): 497 samples | pos=98 (19.7%) | neg=399 (80.3%)
Loaded 120 prototypes and initialized from D:\luna16-work\runs\experiments_v2\seed_2\resnet18_strong\best_model.pth (epoch=18)
  Epoch   1 | Batch   50/  55 | total=0.0352 cls=0.0352 proto=0.2246 acc=0.9797
Epoch 01/20: train=0.0597 (BCE=0.0597, proto=0.2320) val_auc=0.9902 val_f1=0.9108
  Epoch   2 | Batch   50/  55 | total=0.0464 cls=0.0464 proto=0.1985 acc=0.9809
Epoch 02/20: train=0.0556 (BCE=0.0556, proto=0.2254) val_auc=0.9881 val_f1=0.9189
  Epoch   3 | Batch   50/  55 | total=0.0405 cls=0.0405 proto=0.2458 acc=0.9838
Epoch 03/20: train=0.0497 (BCE=0.0497, proto=0.2180) val_auc=0.9863 val_f1=0.9309
  Epoch   4 | Batch   50/  55 | total=0.0131 cls=0.0131 proto=0.2034 acc=0.9797
Epoch 04/20: train=0.0568 (BCE=0.0568, proto=0.2218) val_auc=0.9872 val_f1=0.9369
  Epoch   5 | Batch   50/  55 | total=0.0091 cls=0.0091 proto=0.1937 acc=0.9891
Epoch 05/20: train=0.0419 (BCE=0.0419, proto=0.2098) val_auc=0.9853 val_f1=0.9315
  Epoch   6 | Batch   50/  55 | total=0.1225 cls=0.1225 proto=0.2772 acc=0.9847
Epoch 06/20: train=0.0420 (BCE=0.0420, proto=0.2118) val_auc=0.9873 val_f1=0.9182
  Epoch   7 | Batch   50/  55 | total=0.0108 cls=0.0108 proto=0.1950 acc=0.9878
Epoch 07/20: train=0.0377 (BCE=0.0377, proto=0.2069) val_auc=0.9887 val_f1=0.9124
  Epoch   8 | Batch   50/  55 | total=0.0433 cls=0.0433 proto=0.2104 acc=0.9934
Epoch 08/20: train=0.0298 (BCE=0.0298, proto=0.1993) val_auc=0.9872 val_f1=0.9182
  Epoch   9 | Batch   50/  55 | total=0.0269 cls=0.0269 proto=0.1764 acc=0.9888
Epoch 09/20: train=0.0335 (BCE=0.0335, proto=0.2016) val_auc=0.9899 val_f1=0.9217
  Epoch  10 | Batch   50/  55 | total=0.0119 cls=0.0119 proto=0.2048 acc=0.9912
Epoch 10/20: train=0.0306 (BCE=0.0306, proto=0.1995) val_auc=0.9894 val_f1=0.9167
  Epoch  11 | Batch   50/  55 | total=0.0028 cls=0.0028 proto=0.1732 acc=0.9897
Epoch 11/20: train=0.0324 (BCE=0.0324, proto=0.2025) val_auc=0.9874 val_f1=0.9140
  Epoch  12 | Batch   50/  55 | total=0.0060 cls=0.0060 proto=0.1908 acc=0.9891
Epoch 12/20: train=0.0315 (BCE=0.0315, proto=0.2032) val_auc=0.9914 val_f1=0.9224
  Epoch  13 | Batch   50/  55 | total=0.0395 cls=0.0395 proto=0.1717 acc=0.9941
Epoch 13/20: train=0.0231 (BCE=0.0231, proto=0.1971) val_auc=0.9907 val_f1=0.9124
  Epoch  14 | Batch   50/  55 | total=0.0539 cls=0.0539 proto=0.2136 acc=0.9938
Epoch 14/20: train=0.0207 (BCE=0.0207, proto=0.1946) val_auc=0.9903 val_f1=0.9124
  Epoch  15 | Batch   50/  55 | total=0.0144 cls=0.0144 proto=0.1646 acc=0.9919
Epoch 15/20: train=0.0256 (BCE=0.0256, proto=0.1948) val_auc=0.9882 val_f1=0.9074
  Epoch  16 | Batch   50/  55 | total=0.0056 cls=0.0056 proto=0.1848 acc=0.9938
Epoch 16/20: train=0.0247 (BCE=0.0247, proto=0.1947) val_auc=0.9883 val_f1=0.9083
  Epoch  17 | Batch   50/  55 | total=0.1034 cls=0.1034 proto=0.1984 acc=0.9922
Epoch 17/20: train=0.0264 (BCE=0.0264, proto=0.1958) val_auc=0.9895 val_f1=0.9074
  Epoch  18 | Batch   50/  55 | total=0.0090 cls=0.0090 proto=0.1802 acc=0.9897
Epoch 18/20: train=0.0308 (BCE=0.0308, proto=0.1986) val_auc=0.9893 val_f1=0.9074
  Epoch  19 | Batch   50/  55 | total=0.0481 cls=0.0481 proto=0.1865 acc=0.9900
Epoch 19/20: train=0.0341 (BCE=0.0341, proto=0.1985) val_auc=0.9892 val_f1=0.9074
  Epoch  20 | Batch   50/  55 | total=0.0154 cls=0.0154 proto=0.1948 acc=0.9872
Epoch 20/20: train=0.0436 (BCE=0.0436, proto=0.2046) val_auc=0.9896 val_f1=0.9074
Test: AUC=0.9949 F1=0.9641 Acc=0.9859
Saved results to D:\luna16-work\runs\experiments_v2\seed_2\pbip_lite

$ D:\luna16-work\.venv\Scripts\python.exe -u D:\luna16-work\src\pbip_train.py --epochs 20 --batch_size 64 --augment strong --alpha 0.3 --beta 0.05 --seed 2 --num_workers 4 --prototype_bank D:\luna16-work\runs\experiments_v2\seed_2\prototype_bank\prototype_bank.pkl --init_checkpoint D:\luna16-work\runs\experiments_v2\seed_2\resnet18_strong\best_model.pth --output_dir D:\luna16-work\runs\experiments_v2\seed_2\pbip_contrast
Device=cuda epochs=20 alpha=0.3 beta=0.05 augment=strong seed=2
LUNA16Dataset (split=train): 3553 samples | pos=916 (25.8%) | neg=2637 (74.2%)
LUNA16Dataset (split=val): 462 samples | pos=114 (24.7%) | neg=348 (75.3%)
LUNA16Dataset (split=test): 497 samples | pos=98 (19.7%) | neg=399 (80.3%)
Loaded 120 prototypes and initialized from D:\luna16-work\runs\experiments_v2\seed_2\resnet18_strong\best_model.pth (epoch=18)
  Epoch   1 | Batch   50/  55 | total=0.0452 cls=0.0347 proto=0.2088 acc=0.9797
Epoch 01/20: train=0.0707 (BCE=0.0596, proto=0.2231) val_auc=0.9903 val_f1=0.9057
  Epoch   2 | Batch   50/  55 | total=0.0565 cls=0.0478 proto=0.1747 acc=0.9812
Epoch 02/20: train=0.0658 (BCE=0.0555, proto=0.2043) val_auc=0.9880 val_f1=0.9189
  Epoch   3 | Batch   50/  55 | total=0.0513 cls=0.0408 proto=0.2111 acc=0.9838
Epoch 03/20: train=0.0594 (BCE=0.0499, proto=0.1908) val_auc=0.9865 val_f1=0.9209
  Epoch   4 | Batch   50/  55 | total=0.0213 cls=0.0130 proto=0.1669 acc=0.9800
Epoch 04/20: train=0.0660 (BCE=0.0565, proto=0.1901) val_auc=0.9869 val_f1=0.9412
  Epoch   5 | Batch   50/  55 | total=0.0160 cls=0.0083 proto=0.1534 acc=0.9897
Epoch 05/20: train=0.0512 (BCE=0.0424, proto=0.1758) val_auc=0.9854 val_f1=0.9266
  Epoch   6 | Batch   50/  55 | total=0.1314 cls=0.1197 proto=0.2340 acc=0.9841
Epoch 06/20: train=0.0505 (BCE=0.0417, proto=0.1755) val_auc=0.9871 val_f1=0.9182
  Epoch   7 | Batch   50/  55 | total=0.0186 cls=0.0108 proto=0.1561 acc=0.9875
Epoch 07/20: train=0.0458 (BCE=0.0373, proto=0.1698) val_auc=0.9885 val_f1=0.9124
  Epoch   8 | Batch   50/  55 | total=0.0527 cls=0.0440 proto=0.1729 acc=0.9934
Epoch 08/20: train=0.0377 (BCE=0.0296, proto=0.1626) val_auc=0.9874 val_f1=0.9224
  Epoch   9 | Batch   50/  55 | total=0.0334 cls=0.0261 proto=0.1461 acc=0.9888
Epoch 09/20: train=0.0419 (BCE=0.0337, proto=0.1644) val_auc=0.9895 val_f1=0.9266
  Epoch  10 | Batch   50/  55 | total=0.0192 cls=0.0112 proto=0.1588 acc=0.9903
Epoch 10/20: train=0.0387 (BCE=0.0307, proto=0.1615) val_auc=0.9894 val_f1=0.9167
  Epoch  11 | Batch   50/  55 | total=0.0094 cls=0.0026 proto=0.1366 acc=0.9894
Epoch 11/20: train=0.0409 (BCE=0.0327, proto=0.1630) val_auc=0.9876 val_f1=0.9189
  Epoch  12 | Batch   50/  55 | total=0.0136 cls=0.0060 proto=0.1503 acc=0.9894
Epoch 12/20: train=0.0399 (BCE=0.0318, proto=0.1617) val_auc=0.9915 val_f1=0.9224
  Epoch  13 | Batch   50/  55 | total=0.0467 cls=0.0395 proto=0.1439 acc=0.9944
Epoch 13/20: train=0.0308 (BCE=0.0230, proto=0.1561) val_auc=0.9907 val_f1=0.9124
  Epoch  14 | Batch   50/  55 | total=0.0618 cls=0.0532 proto=0.1734 acc=0.9944
Epoch 14/20: train=0.0281 (BCE=0.0204, proto=0.1532) val_auc=0.9903 val_f1=0.9074
  Epoch  15 | Batch   50/  55 | total=0.0227 cls=0.0160 proto=0.1336 acc=0.9922
Epoch 15/20: train=0.0333 (BCE=0.0256, proto=0.1544) val_auc=0.9884 val_f1=0.9074
  Epoch  16 | Batch   50/  55 | total=0.0123 cls=0.0053 proto=0.1395 acc=0.9938
Epoch 16/20: train=0.0324 (BCE=0.0247, proto=0.1543) val_auc=0.9882 val_f1=0.9083
  Epoch  17 | Batch   50/  55 | total=0.1109 cls=0.1024 proto=0.1694 acc=0.9916
Epoch 17/20: train=0.0345 (BCE=0.0268, proto=0.1555) val_auc=0.9897 val_f1=0.9074
  Epoch  18 | Batch   50/  55 | total=0.0159 cls=0.0089 proto=0.1411 acc=0.9900
Epoch 18/20: train=0.0388 (BCE=0.0309, proto=0.1581) val_auc=0.9893 val_f1=0.9074
  Epoch  19 | Batch   50/  55 | total=0.0577 cls=0.0500 proto=0.1544 acc=0.9903
Epoch 19/20: train=0.0421 (BCE=0.0342, proto=0.1585) val_auc=0.9893 val_f1=0.9074
  Epoch  20 | Batch   50/  55 | total=0.0234 cls=0.0157 proto=0.1529 acc=0.9866
Epoch 20/20: train=0.0517 (BCE=0.0435, proto=0.1644) val_auc=0.9896 val_f1=0.9074
Test: AUC=0.9946 F1=0.9641 Acc=0.9859
Saved results to D:\luna16-work\runs\experiments_v2\seed_2\pbip_contrast

$ D:\luna16-work\.venv\Scripts\python.exe -u D:\luna16-work\src\pbip_train.py --epochs 20 --batch_size 64 --augment strong --alpha 0.3 --beta 0.1 --seed 0 --num_workers 4 --prototype_bank D:\luna16-work\runs\experiments_v2\seed_0\prototype_bank\prototype_bank.pkl --init_checkpoint D:\luna16-work\runs\experiments_v2\seed_0\resnet18_strong\best_model.pth --output_dir D:\luna16-work\runs\experiments_v2\beta_sweep\seed_0\beta_0.1
Device=cuda epochs=20 alpha=0.3 beta=0.1 augment=strong seed=0
LUNA16Dataset (split=train): 3553 samples | pos=916 (25.8%) | neg=2637 (74.2%)
LUNA16Dataset (split=val): 462 samples | pos=114 (24.7%) | neg=348 (75.3%)
LUNA16Dataset (split=test): 497 samples | pos=98 (19.7%) | neg=399 (80.3%)
Loaded 120 prototypes and initialized from D:\luna16-work\runs\experiments_v2\seed_0\resnet18_strong\best_model.pth (epoch=19)
  Epoch   1 | Batch   50/  55 | total=0.0771 cls=0.0576 proto=0.1957 acc=0.9784
Epoch 01/20: train=0.0892 (BCE=0.0681, proto=0.2109) val_auc=0.9871 val_f1=0.9124
  Epoch   2 | Batch   50/  55 | total=0.0472 cls=0.0302 proto=0.1706 acc=0.9797
Epoch 02/20: train=0.0838 (BCE=0.0641, proto=0.1967) val_auc=0.9873 val_f1=0.8981
  Epoch   3 | Batch   50/  55 | total=0.1376 cls=0.1167 proto=0.2085 acc=0.9812
Epoch 03/20: train=0.0790 (BCE=0.0606, proto=0.1839) val_auc=0.9883 val_f1=0.9067
  Epoch   4 | Batch   50/  55 | total=0.0465 cls=0.0315 proto=0.1500 acc=0.9850
Epoch 04/20: train=0.0662 (BCE=0.0492, proto=0.1709) val_auc=0.9900 val_f1=0.9124
  Epoch   5 | Batch   50/  55 | total=0.1212 cls=0.0982 proto=0.2293 acc=0.9828
Epoch 05/20: train=0.0673 (BCE=0.0500, proto=0.1737) val_auc=0.9894 val_f1=0.9050
  Epoch   6 | Batch   50/  55 | total=0.0706 cls=0.0488 proto=0.2175 acc=0.9831
Epoch 06/20: train=0.0635 (BCE=0.0467, proto=0.1684) val_auc=0.9880 val_f1=0.9217
  Epoch   7 | Batch   50/  55 | total=0.0658 cls=0.0500 proto=0.1586 acc=0.9869
Epoch 07/20: train=0.0604 (BCE=0.0440, proto=0.1636) val_auc=0.9864 val_f1=0.9174
  Epoch   8 | Batch   50/  55 | total=0.0265 cls=0.0132 proto=0.1330 acc=0.9894
Epoch 08/20: train=0.0490 (BCE=0.0336, proto=0.1542) val_auc=0.9860 val_f1=0.9167
  Epoch   9 | Batch   50/  55 | total=0.0272 cls=0.0130 proto=0.1420 acc=0.9900
Epoch 09/20: train=0.0578 (BCE=0.0420, proto=0.1580) val_auc=0.9911 val_f1=0.9132
  Epoch  10 | Batch   50/  55 | total=0.0628 cls=0.0446 proto=0.1820 acc=0.9888
Epoch 10/20: train=0.0490 (BCE=0.0338, proto=0.1518) val_auc=0.9846 val_f1=0.9151
  Epoch  11 | Batch   50/  55 | total=0.0352 cls=0.0218 proto=0.1332 acc=0.9891
Epoch 11/20: train=0.0552 (BCE=0.0400, proto=0.1520) val_auc=0.9891 val_f1=0.9202
  Epoch  12 | Batch   50/  55 | total=0.0377 cls=0.0243 proto=0.1341 acc=0.9900
Epoch 12/20: train=0.0442 (BCE=0.0293, proto=0.1493) val_auc=0.9890 val_f1=0.9202
  Epoch  13 | Batch   50/  55 | total=0.0266 cls=0.0112 proto=0.1545 acc=0.9938
Epoch 13/20: train=0.0400 (BCE=0.0256, proto=0.1448) val_auc=0.9881 val_f1=0.9202
  Epoch  14 | Batch   50/  55 | total=0.0307 cls=0.0165 proto=0.1427 acc=0.9912
Epoch 14/20: train=0.0434 (BCE=0.0288, proto=0.1459) val_auc=0.9906 val_f1=0.9273
  Epoch  15 | Batch   50/  55 | total=0.0390 cls=0.0258 proto=0.1323 acc=0.9934
Epoch 15/20: train=0.0377 (BCE=0.0236, proto=0.1416) val_auc=0.9914 val_f1=0.9309
  Epoch  16 | Batch   50/  55 | total=0.0219 cls=0.0095 proto=0.1232 acc=0.9925
Epoch 16/20: train=0.0440 (BCE=0.0295, proto=0.1454) val_auc=0.9896 val_f1=0.9209
  Epoch  17 | Batch   50/  55 | total=0.0267 cls=0.0133 proto=0.1346 acc=0.9897
Epoch 17/20: train=0.0487 (BCE=0.0339, proto=0.1480) val_auc=0.9905 val_f1=0.9159
  Epoch  18 | Batch   50/  55 | total=0.0497 cls=0.0315 proto=0.1827 acc=0.9884
Epoch 18/20: train=0.0512 (BCE=0.0361, proto=0.1509) val_auc=0.9907 val_f1=0.9159
  Epoch  19 | Batch   50/  55 | total=0.0758 cls=0.0621 proto=0.1373 acc=0.9888
Epoch 19/20: train=0.0500 (BCE=0.0351, proto=0.1491) val_auc=0.9905 val_f1=0.9159
  Epoch  20 | Batch   50/  55 | total=0.1389 cls=0.1177 proto=0.2127 acc=0.9869
Epoch 20/20: train=0.0610 (BCE=0.0456, proto=0.1537) val_auc=0.9906 val_f1=0.9159
Test: AUC=0.9958 F1=0.9490 Acc=0.9799
Saved results to D:\luna16-work\runs\experiments_v2\beta_sweep\seed_0\beta_0.1

Current aggregate results:
         method  seed alpha  beta augment  best_epoch  best_val_auc  test_auc  test_f1  test_acc  test_loss                                                   run_dir
  pbip_contrast     0   0.3  0.05  strong           9      0.991405  0.995422 0.940594  0.975855   0.065366   D:\luna16-work\runs\experiments_v2\seed_0\pbip_contrast
  pbip_contrast     1   0.3  0.05  strong           9      0.992967  0.995039 0.920792  0.967807   0.079339   D:\luna16-work\runs\experiments_v2\seed_1\pbip_contrast
  pbip_contrast     2   0.3  0.05  strong          12      0.991505  0.994604 0.964103  0.985915   0.058234   D:\luna16-work\runs\experiments_v2\seed_2\pbip_contrast
      pbip_lite     0   0.3   0.0  strong           9      0.991833  0.995013 0.940594  0.975855   0.066457       D:\luna16-work\runs\experiments_v2\seed_0\pbip_lite
      pbip_lite     1   0.3   0.0  strong           9      0.993194  0.995064 0.920792  0.967807   0.080129       D:\luna16-work\runs\experiments_v2\seed_1\pbip_lite
      pbip_lite     2   0.3   0.0  strong          12      0.991405  0.994911 0.964103  0.985915   0.057911       D:\luna16-work\runs\experiments_v2\seed_2\pbip_lite
 resnet18_noaug     0                none          13      0.978776  0.986113 0.927835  0.971831   0.128770  D:\luna16-work\runs\experiments_v2\seed_0\resnet18_noaug
 resnet18_noaug     1                none          13      0.988833  0.987239 0.895833  0.959759   0.153584  D:\luna16-work\runs\experiments_v2\seed_1\resnet18_noaug
 resnet18_noaug     2                none          11      0.983490  0.981203 0.920000  0.967807   0.167312  D:\luna16-work\runs\experiments_v2\seed_2\resnet18_noaug
resnet18_strong     0              strong          19      0.993698  0.997417 0.940000  0.975855   0.058114 D:\luna16-work\runs\experiments_v2\seed_0\resnet18_strong
resnet18_strong     1              strong          17      0.993976  0.994936 0.930693  0.971831   0.067634 D:\luna16-work\runs\experiments_v2\seed_1\resnet18_strong
resnet18_strong     2              strong          18      0.991505  0.996394 0.943005  0.977867   0.060910 D:\luna16-work\runs\experiments_v2\seed_2\resnet18_strong

Per-method summary:
         method  seeds  auc_mean  auc_std  f1_mean   f1_std  acc_mean  acc_std  val_auc_mean
  pbip_contrast      3  0.995022 0.000409 0.941830 0.021682  0.976526 0.009073      0.991959
      pbip_lite      3  0.994996 0.000078 0.941830 0.021682  0.976526 0.009073      0.992144
 resnet18_noaug      3  0.984852 0.003209 0.914556 0.016681  0.966465 0.006147      0.983700
resnet18_strong      3  0.996249 0.001247 0.937899 0.006419  0.975184 0.003073      0.993060

$ D:\luna16-work\.venv\Scripts\python.exe -u D:\luna16-work\src\metrics.py --model resnet18 --checkpoint D:\luna16-work\runs\experiments_v2\seed_1\resnet18_strong\best_model.pth --output_dir D:\luna16-work\runs\experiments_v2\best_evaluation --num_workers 0
LUNA16Dataset (split=val): 462 samples | pos=114 (24.7%) | neg=348 (75.3%)
LUNA16Dataset (split=test): 497 samples | pos=98 (19.7%) | neg=399 (80.3%)
Selected threshold=0.220288 on validation F1=0.9386; test AUC=0.9949, F1=0.9143, sampled-candidate CPM=0.9927
Saved evaluation to D:\luna16-work\runs\experiments_v2\best_evaluation
