$ D:\luna16-work\.venv\Scripts\python.exe -u D:\luna16-work\src\pbip_train.py --epochs 20 --batch_size 64 --augment strong --alpha 0.3 --beta 0.0 --seed 1 --num_workers 4 --prototype_bank D:\luna16-work\runs\experiments_v2\seed_1\prototype_bank\prototype_bank.pkl --init_checkpoint D:\luna16-work\runs\experiments_v2\seed_1\resnet18_strong\best_model.pth --output_dir D:\luna16-work\runs\experiments_v2\seed_1\pbip_lite

Device=cuda epochs=20 alpha=0.3 beta=0.0 augment=strong seed=1
LUNA16Dataset (split=train): 3553 samples | pos=916 (25.8%) | neg=2637 (74.2%)
LUNA16Dataset (split=val): 462 samples | pos=114 (24.7%) | neg=348 (75.3%)
LUNA16Dataset (split=test): 497 samples | pos=98 (19.7%) | neg=399 (80.3%)
Loaded 120 prototypes and initialized from D:\luna16-work\runs\experiments_v2\seed_1\resnet18_strong\best_model.pth (epoch=17)
  Epoch   1 | Batch   50/  55 | total=0.0199 cls=0.0199 proto=0.1369 acc=0.9778
Epoch 01/20: train=0.0663 (BCE=0.0663, proto=0.1754) val_auc=0.9918 val_f1=0.9309
  Epoch   2 | Batch   50/  55 | total=0.0119 cls=0.0119 proto=0.1244 acc=0.9806
Epoch 02/20: train=0.0547 (BCE=0.0547, proto=0.1558) val_auc=0.9886 val_f1=0.9196
  Epoch   3 | Batch   50/  55 | total=0.0359 cls=0.0359 proto=0.1798 acc=0.9819
Epoch 03/20: train=0.0565 (BCE=0.0565, proto=0.1556) val_auc=0.9870 val_f1=0.9132
  Epoch   4 | Batch   50/  55 | total=0.1261 cls=0.1261 proto=0.2139 acc=0.9819
Epoch 04/20: train=0.0512 (BCE=0.0512, proto=0.1567) val_auc=0.9883 val_f1=0.9231
  Epoch   5 | Batch   50/  55 | total=0.0042 cls=0.0042 proto=0.1129 acc=0.9828
Epoch 05/20: train=0.0502 (BCE=0.0502, proto=0.1529) val_auc=0.9931 val_f1=0.9224
  Epoch   6 | Batch   50/  55 | total=0.0234 cls=0.0234 proto=0.1300 acc=0.9866
Epoch 06/20: train=0.0404 (BCE=0.0404, proto=0.1454) val_auc=0.9887 val_f1=0.9209
  Epoch   7 | Batch   50/  55 | total=0.0908 cls=0.0908 proto=0.1910 acc=0.9897
Epoch 07/20: train=0.0348 (BCE=0.0348, proto=0.1397) val_auc=0.9891 val_f1=0.9167
  Epoch   8 | Batch   50/  55 | total=0.0272 cls=0.0272 proto=0.1519 acc=0.9884
Epoch 08/20: train=0.0345 (BCE=0.0345, proto=0.1401) val_auc=0.9911 val_f1=0.9273
  Epoch   9 | Batch   50/  55 | total=0.0394 cls=0.0394 proto=0.1517 acc=0.9894
Epoch 09/20: train=0.0334 (BCE=0.0334, proto=0.1402) val_auc=0.9932 val_f1=0.9375
  Epoch  10 | Batch   50/  55 | total=0.0201 cls=0.0201 proto=0.1557 acc=0.9919
Epoch 10/20: train=0.0277 (BCE=0.0277, proto=0.1345) val_auc=0.9903 val_f1=0.9273
  Epoch  11 | Batch   50/  55 | total=0.0185 cls=0.0185 proto=0.1047 acc=0.9953
Epoch 11/20: train=0.0219 (BCE=0.0219, proto=0.1281) val_auc=0.9873 val_f1=0.9194
  Epoch  12 | Batch   50/  55 | total=0.0685 cls=0.0685 proto=0.1369 acc=0.9912
Epoch 12/20: train=0.0285 (BCE=0.0285, proto=0.1320) val_auc=0.9906 val_f1=0.9217
  Epoch  13 | Batch   50/  55 | total=0.0073 cls=0.0073 proto=0.1141 acc=0.9922
Epoch 13/20: train=0.0221 (BCE=0.0221, proto=0.1285) val_auc=0.9881 val_f1=0.9266
  Epoch  14 | Batch   50/  55 | total=0.0323 cls=0.0323 proto=0.1398 acc=0.9928
Epoch 14/20: train=0.0232 (BCE=0.0232, proto=0.1306) val_auc=0.9888 val_f1=0.9217
  Epoch  15 | Batch   50/  55 | total=0.0038 cls=0.0038 proto=0.1204 acc=0.9931
Epoch 15/20: train=0.0255 (BCE=0.0255, proto=0.1320) val_auc=0.9900 val_f1=0.9182
  Epoch  16 | Batch   50/  55 | total=0.1134 cls=0.1134 proto=0.1666 acc=0.9906
Epoch 16/20: train=0.0278 (BCE=0.0278, proto=0.1314) val_auc=0.9911 val_f1=0.9224
  Epoch  17 | Batch   50/  55 | total=0.0768 cls=0.0768 proto=0.1363 acc=0.9903
Epoch 17/20: train=0.0329 (BCE=0.0329, proto=0.1375) val_auc=0.9908 val_f1=0.9174
  Epoch  18 | Batch   50/  55 | total=0.0314 cls=0.0314 proto=0.1650 acc=0.9878
Epoch 18/20: train=0.0352 (BCE=0.0352, proto=0.1384) val_auc=0.9916 val_f1=0.9273
  Epoch  19 | Batch   50/  55 | total=0.0799 cls=0.0799 proto=0.1417 acc=0.9856
Epoch 19/20: train=0.0428 (BCE=0.0428, proto=0.1430) val_auc=0.9913 val_f1=0.9315
  Epoch  20 | Batch   50/  55 | total=0.0104 cls=0.0104 proto=0.1260 acc=0.9875
Epoch 20/20: train=0.0389 (BCE=0.0389, proto=0.1410) val_auc=0.9913 val_f1=0.9315
Test: AUC=0.9951 F1=0.9208 Acc=0.9678
Saved results to D:\luna16-work\runs\experiments_v2\seed_1\pbip_lite
