$ D:\luna16-work\.venv\Scripts\python.exe -u D:\luna16-work\src\pbip_train.py --epochs 20 --batch_size 64 --augment strong --alpha 0.3 --beta 0.1 --seed 0 --num_workers 4 --prototype_bank D:\luna16-work\runs\experiments_v2\seed_0\prototype_bank\prototype_bank.pkl --init_checkpoint D:\luna16-work\runs\experiments_v2\seed_0\resnet18_strong\best_model.pth --output_dir D:\luna16-work\runs\experiments_v2\beta_sweep\seed_0\beta_0.1

Device=cuda epochs=20 alpha=0.3 beta=0.1 augment=strong seed=0
LUNA16Dataset (split=train): 3553 samples | pos=916 (25.8%) | neg=2637 (74.2%)
LUNA16Dataset (split=val): 462 samples | pos=114 (24.7%) | neg=348 (75.3%)
LUNA16Dataset (split=test): 497 samples | pos=98 (19.7%) | neg=399 (80.3%)
Loaded 120 prototypes and initialized from D:\luna16-work\runs\experiments_v2\seed_0\resnet18_strong\best_model.pth (epoch=19)
  Epoch   1 | Batch   50/  55 | total=0.0771 cls=0.0576 proto=0.1957 acc=0.9784
Epoch 01/20: train=0.0892 (BCE=0.0681, proto=0.2109) val_auc=0.9871 val_f1=0.9124
  Epoch   2 | Batch   50/  55 | total=0.0472 cls=0.0302 proto=0.1706 acc=0.9797
Epoch 02/20: train=0.0838 (BCE=0.0641, proto=0.1967) val_auc=0.9873 val_f1=0.8981
  Epoch   3 | Batch   50/  55 | total=0.1376 cls=0.1167 proto=0.2085 acc=0.9812
Epoch 03/20: train=0.0790 (BCE=0.0606, proto=0.1839) val_auc=0.9883 val_f1=0.9067
  Epoch   4 | Batch   50/  55 | total=0.0465 cls=0.0315 proto=0.1500 acc=0.9850
Epoch 04/20: train=0.0662 (BCE=0.0492, proto=0.1709) val_auc=0.9900 val_f1=0.9124
  Epoch   5 | Batch   50/  55 | total=0.1212 cls=0.0982 proto=0.2293 acc=0.9828
Epoch 05/20: train=0.0673 (BCE=0.0500, proto=0.1737) val_auc=0.9894 val_f1=0.9050
  Epoch   6 | Batch   50/  55 | total=0.0706 cls=0.0488 proto=0.2175 acc=0.9831
Epoch 06/20: train=0.0635 (BCE=0.0467, proto=0.1684) val_auc=0.9880 val_f1=0.9217
  Epoch   7 | Batch   50/  55 | total=0.0658 cls=0.0500 proto=0.1586 acc=0.9869
Epoch 07/20: train=0.0604 (BCE=0.0440, proto=0.1636) val_auc=0.9864 val_f1=0.9174
  Epoch   8 | Batch   50/  55 | total=0.0265 cls=0.0132 proto=0.1330 acc=0.9894
Epoch 08/20: train=0.0490 (BCE=0.0336, proto=0.1542) val_auc=0.9860 val_f1=0.9167
  Epoch   9 | Batch   50/  55 | total=0.0272 cls=0.0130 proto=0.1420 acc=0.9900
Epoch 09/20: train=0.0578 (BCE=0.0420, proto=0.1580) val_auc=0.9911 val_f1=0.9132
  Epoch  10 | Batch   50/  55 | total=0.0628 cls=0.0446 proto=0.1820 acc=0.9888
Epoch 10/20: train=0.0490 (BCE=0.0338, proto=0.1518) val_auc=0.9846 val_f1=0.9151
  Epoch  11 | Batch   50/  55 | total=0.0352 cls=0.0218 proto=0.1332 acc=0.9891
Epoch 11/20: train=0.0552 (BCE=0.0400, proto=0.1520) val_auc=0.9891 val_f1=0.9202
  Epoch  12 | Batch   50/  55 | total=0.0377 cls=0.0243 proto=0.1341 acc=0.9900
Epoch 12/20: train=0.0442 (BCE=0.0293, proto=0.1493) val_auc=0.9890 val_f1=0.9202
  Epoch  13 | Batch   50/  55 | total=0.0266 cls=0.0112 proto=0.1545 acc=0.9938
Epoch 13/20: train=0.0400 (BCE=0.0256, proto=0.1448) val_auc=0.9881 val_f1=0.9202
  Epoch  14 | Batch   50/  55 | total=0.0307 cls=0.0165 proto=0.1427 acc=0.9912
Epoch 14/20: train=0.0434 (BCE=0.0288, proto=0.1459) val_auc=0.9906 val_f1=0.9273
  Epoch  15 | Batch   50/  55 | total=0.0390 cls=0.0258 proto=0.1323 acc=0.9934
Epoch 15/20: train=0.0377 (BCE=0.0236, proto=0.1416) val_auc=0.9914 val_f1=0.9309
  Epoch  16 | Batch   50/  55 | total=0.0219 cls=0.0095 proto=0.1232 acc=0.9925
Epoch 16/20: train=0.0440 (BCE=0.0295, proto=0.1454) val_auc=0.9896 val_f1=0.9209
  Epoch  17 | Batch   50/  55 | total=0.0267 cls=0.0133 proto=0.1346 acc=0.9897
Epoch 17/20: train=0.0487 (BCE=0.0339, proto=0.1480) val_auc=0.9905 val_f1=0.9159
  Epoch  18 | Batch   50/  55 | total=0.0497 cls=0.0315 proto=0.1827 acc=0.9884
Epoch 18/20: train=0.0512 (BCE=0.0361, proto=0.1509) val_auc=0.9907 val_f1=0.9159
  Epoch  19 | Batch   50/  55 | total=0.0758 cls=0.0621 proto=0.1373 acc=0.9888
Epoch 19/20: train=0.0500 (BCE=0.0351, proto=0.1491) val_auc=0.9905 val_f1=0.9159
  Epoch  20 | Batch   50/  55 | total=0.1389 cls=0.1177 proto=0.2127 acc=0.9869
Epoch 20/20: train=0.0610 (BCE=0.0456, proto=0.1537) val_auc=0.9906 val_f1=0.9159
Test: AUC=0.9958 F1=0.9490 Acc=0.9799
Saved results to D:\luna16-work\runs\experiments_v2\beta_sweep\seed_0\beta_0.1
